<?xml version="1.0"?>
<testsuites>
  <testsuite name="PhantomJS 1.9.8 (Mac OS X 0.0.0)" package="" timestamp="2015-12-14T17:34:44" id="0" hostname="ni-dhenton.local" tests="1" errors="1" failures="1" time="0.008">
    <properties>
      <property name="browser.fullName" value="Mozilla/5.0 (Macintosh; Intel Mac OS X) AppleWebKit/534.34 (KHTML, like Gecko) PhantomJS/1.9.8 Safari/534.34"/>
    </properties>
    <testcase name="testTalkingToMb" time="0.008" classname="PhantomJS 1.9.8 (Mac OS X 0.0.0).wire_tests_js">
      <failure type="">Failed
    at error (/Users/dhenton/angular/mountebank-UI/test/wire_tests/tests/wire_tests.js:111)
    at /Users/dhenton/angular/mountebank-UI/public_html/mountebank-UI/assets/js/jquery/jquery.min.js:4
    at /Users/dhenton/angular/mountebank-UI/public_html/mountebank-UI/assets/js/jquery/jquery.min.js:4
    at k (/Users/dhenton/angular/mountebank-UI/public_html/mountebank-UI/assets/js/jquery/jquery.min.js:6)
    at /Users/dhenton/angular/mountebank-UI/public_html/mountebank-UI/assets/js/jquery/jquery.min.js:6
</failure>
    </testcase>
    <system-out><![CDATA[PhantomJS 1.9.8 (Mac OS X 0.0.0) LOG: 'error in test {"readyState":4,"status":404,"statusText":"error"}'

]]></system-out>
    <system-err/>
  </testsuite>
</testsuites>
